workspace(name = "github_com_foo")

# should not be deleted - modified after copy
http_archive(
    name = "pqr",
    sha256 = "uvw",
    urls = [
        "https://u.v",
    ],
)

http_archive(
    name = "abc",
    sha256 = "baz",
    urls = [
        "https://x.y",
    ],
)

http_archive(
    name = "def",
    sha256 = "ff34376",
    urls = [
        "https://x.y",
    ],
)
